npm warn deprecated puppeteer@22.15.0: < 24.15.0 is no longer supported
npm warn cleanup Failed to remove some directories [
npm warn cleanup   [
npm warn cleanup     '\\\\?\\C:\\Users\\blana\\Desktop\\contracte-smart\\node_modules\\@sentry\\bundler-plugins\\node_modules\\dotenv',
npm warn cleanup     [Error: EPERM: operation not permitted, rmdir 'C:\Users\blana\Desktop\contracte-smart\node_modules\@sentry\bundler-plugins\node_modules\dotenv'] {
npm warn cleanup       errno: -4048,
npm warn cleanup       code: 'EPERM',
npm warn cleanup       syscall: 'rmdir',
npm warn cleanup       path: 'C:\\Users\\blana\\Desktop\\contracte-smart\\node_modules\\@sentry\\bundler-plugins\\node_modules\\dotenv'
npm warn cleanup     }
npm warn cleanup   ],
npm warn cleanup   [
npm warn cleanup     '\\\\?\\C:\\Users\\blana\\Desktop\\contracte-smart\\node_modules\\@sentry',
npm warn cleanup     [Error: EPERM: operation not permitted, rmdir 'C:\Users\blana\Desktop\contracte-smart\node_modules\@sentry\bundler-plugins\build'] {
npm warn cleanup       errno: -4048,
npm warn cleanup       code: 'EPERM',
npm warn cleanup       syscall: 'rmdir',
npm warn cleanup       path: 'C:\\Users\\blana\\Desktop\\contracte-smart\\node_modules\\@sentry\\bundler-plugins\\build'
npm warn cleanup     }
npm warn cleanup   ],
npm warn cleanup   [
npm warn cleanup     '\\\\?\\C:\\Users\\blana\\Desktop\\contracte-smart\\node_modules\\@opentelemetry',
npm warn cleanup     [Error: EPERM: operation not permitted, rmdir 'C:\Users\blana\Desktop\contracte-smart\node_modules\@opentelemetry\resources\build\src'] {
npm warn cleanup       errno: -4048,
npm warn cleanup       code: 'EPERM',
npm warn cleanup       syscall: 'rmdir',
npm warn cleanup       path: 'C:\\Users\\blana\\Desktop\\contracte-smart\\node_modules\\@opentelemetry\\resources\\build\\src'
npm warn cleanup     }
npm warn cleanup   ]
npm warn cleanup ]
npm error code 1
npm error path C:\Users\blana\Desktop\contracte-smart\node_modules\puppeteer
npm error command failed
npm error command C:\WINDOWS\system32\cmd.exe /d /s /c node install.mjs
npm error Error: ERROR: Failed to set up chrome-headless-shell v127.0.6533.88! Set "PUPPETEER_SKIP_DOWNLOAD" env variable to skip download.
npm error     at file:///C:/Users/blana/Desktop/contracte-smart/node_modules/puppeteer/lib/esm/puppeteer/node/install.js:84:27
npm error     at process.processTicksAndRejections (node:internal/process/task_queues:104:5)
npm error     at async Promise.all (index 1)
npm error     at async downloadBrowser (file:///C:/Users/blana/Desktop/contracte-smart/node_modules/puppeteer/lib/esm/puppeteer/node/install.js:90:9) {
npm error   [cause]: Error: The browser folder (C:\Users\blana\.cache\puppeteer\chrome-headless-shell\win64-127.0.6533.88) exists but the executable (C:\Users\blana\.cache\puppeteer\chrome-headless-shell\win64-127.0.6533.88\chrome-headless-shell-win64\chrome-headless-shell.exe) is missing
npm error       at installUrl (file:///C:/Users/blana/Desktop/contracte-smart/node_modules/@puppeteer/browsers/lib/esm/install.js:114:23)
npm error       at install (file:///C:/Users/blana/Desktop/contracte-smart/node_modules/@puppeteer/browsers/lib/esm/install.js:77:34)
npm error       at process.processTicksAndRejections (node:internal/process/task_queues:104:5)
npm error       at async Promise.all (index 1)
npm error       at async downloadBrowser (file:///C:/Users/blana/Desktop/contracte-smart/node_modules/puppeteer/lib/esm/puppeteer/node/install.js:90:9)
npm error }
npm error A complete log of this run can be found in: C:\Users\blana\AppData\Local\npm-cache\_logs\2026-08-21T00_16_38_493Z-debug-0.log
